// Jest Snapshot v1, https://goo.gl/fbAQLP

exports[`Button renders correctly 1`] = `
<button
  css={
    {
      "color": "hotpink",
    }
  }
>
  This is hotpink.
</button>
`;
